Analysis & Synthesis report for Counter
Thu Jun 08 16:56:30 2023
Quartus Prime Version 19.1.0 Build 670 09/22/2019 SJ Lite Edition


---------------------
; Table of Contents ;
---------------------
  1. Legal Notice
  2. Analysis & Synthesis Summary
  3. Analysis & Synthesis Settings
  4. Parallel Compilation
  5. Analysis & Synthesis Source Files Read
  6. Analysis & Synthesis Resource Usage Summary
  7. Analysis & Synthesis Resource Utilization by Entity
  8. Registers Removed During Synthesis
  9. General Register Statistics
 10. Port Connectivity Checks: "Cnt60:cnt|DTrigger:Dv"
 11. Port Connectivity Checks: "Cnt60:cnt|Cnt6:CH|DTrigger:\labe10:2:Di"
 12. Port Connectivity Checks: "Cnt60:cnt|Cnt6:CH|DTrigger:\labe10:1:Di"
 13. Port Connectivity Checks: "Cnt60:cnt|Cnt6:CH|DTrigger:\labe10:0:Di"
 14. Port Connectivity Checks: "Cnt60:cnt|Cnt10:CL|DTrigger:\labe10:3:Di"
 15. Port Connectivity Checks: "Cnt60:cnt|Cnt10:CL|DTrigger:\labe10:2:Di"
 16. Port Connectivity Checks: "Cnt60:cnt|Cnt10:CL|DTrigger:\labe10:1:Di"
 17. Port Connectivity Checks: "Cnt60:cnt|Cnt10:CL|DTrigger:\labe10:0:Di"
 18. Analysis & Synthesis Messages



----------------
; Legal Notice ;
----------------
Copyright (C) 2019  Intel Corporation. All rights reserved.
Your use of Intel Corporation's design tools, logic functions 
and other software and tools, and any partner logic 
functions, and any output files from any of the foregoing 
(including device programming or simulation files), and any 
associated documentation or information are expressly subject 
to the terms and conditions of the Intel Program License 
Subscription Agreement, the Intel Quartus Prime License Agreement,
the Intel FPGA IP License Agreement, or other applicable license
agreement, including, without limitation, that your use is for
the sole purpose of programming logic devices manufactured by
Intel and sold by Intel or its authorized distributors.  Please
refer to the applicable agreement for further details, at
https://fpgasoftware.intel.com/eula.



+---------------------------------------------------------------------------+
; Analysis & Synthesis Summary                                              ;
+-----------------------------+---------------------------------------------+
; Analysis & Synthesis Status ; Successful - Thu Jun 08 16:56:30 2023       ;
; Quartus Prime Version       ; 19.1.0 Build 670 09/22/2019 SJ Lite Edition ;
; Revision Name               ; Counter                                     ;
; Top-level Entity Name       ; Counter                                     ;
; Family                      ; MAX II                                      ;
; Total logic elements        ; 22                                          ;
; Total pins                  ; 16                                          ;
; Total virtual pins          ; 0                                           ;
; UFM blocks                  ; 0 / 1 ( 0 % )                               ;
+-----------------------------+---------------------------------------------+


+------------------------------------------------------------------------------------------------------------+
; Analysis & Synthesis Settings                                                                              ;
+------------------------------------------------------------------+--------------------+--------------------+
; Option                                                           ; Setting            ; Default Value      ;
+------------------------------------------------------------------+--------------------+--------------------+
; Device                                                           ; EPM240T100C5       ;                    ;
; Top-level entity name                                            ; Counter            ; Counter            ;
; Family name                                                      ; MAX II             ; Cyclone V          ;
; Use smart compilation                                            ; Off                ; Off                ;
; Enable parallel Assembler and Timing Analyzer during compilation ; On                 ; On                 ;
; Enable compact report table                                      ; Off                ; Off                ;
; Restructure Multiplexers                                         ; Auto               ; Auto               ;
; Create Debugging Nodes for IP Cores                              ; Off                ; Off                ;
; Preserve fewer node names                                        ; On                 ; On                 ;
; Intel FPGA IP Evaluation Mode                                    ; Enable             ; Enable             ;
; Verilog Version                                                  ; Verilog_2001       ; Verilog_2001       ;
; VHDL Version                                                     ; VHDL_1993          ; VHDL_1993          ;
; State Machine Processing                                         ; Auto               ; Auto               ;
; Safe State Machine                                               ; Off                ; Off                ;
; Extract Verilog State Machines                                   ; On                 ; On                 ;
; Extract VHDL State Machines                                      ; On                 ; On                 ;
; Ignore Verilog initial constructs                                ; Off                ; Off                ;
; Iteration limit for constant Verilog loops                       ; 5000               ; 5000               ;
; Iteration limit for non-constant Verilog loops                   ; 250                ; 250                ;
; Add Pass-Through Logic to Inferred RAMs                          ; On                 ; On                 ;
; Infer RAMs from Raw Logic                                        ; On                 ; On                 ;
; Parallel Synthesis                                               ; On                 ; On                 ;
; NOT Gate Push-Back                                               ; On                 ; On                 ;
; Power-Up Don't Care                                              ; On                 ; On                 ;
; Remove Redundant Logic Cells                                     ; Off                ; Off                ;
; Remove Duplicate Registers                                       ; On                 ; On                 ;
; Ignore CARRY Buffers                                             ; Off                ; Off                ;
; Ignore CASCADE Buffers                                           ; Off                ; Off                ;
; Ignore GLOBAL Buffers                                            ; Off                ; Off                ;
; Ignore ROW GLOBAL Buffers                                        ; Off                ; Off                ;
; Ignore LCELL Buffers                                             ; Off                ; Off                ;
; Ignore SOFT Buffers                                              ; On                 ; On                 ;
; Limit AHDL Integers to 32 Bits                                   ; Off                ; Off                ;
; Optimization Technique                                           ; Balanced           ; Balanced           ;
; Carry Chain Length                                               ; 70                 ; 70                 ;
; Auto Carry Chains                                                ; On                 ; On                 ;
; Auto Open-Drain Pins                                             ; On                 ; On                 ;
; Perform WYSIWYG Primitive Resynthesis                            ; Off                ; Off                ;
; Auto Shift Register Replacement                                  ; Auto               ; Auto               ;
; Allow Shift Register Merging across Hierarchies                  ; Auto               ; Auto               ;
; Auto Clock Enable Replacement                                    ; On                 ; On                 ;
; Allow Synchronous Control Signals                                ; On                 ; On                 ;
; Force Use of Synchronous Clear Signals                           ; Off                ; Off                ;
; Auto Resource Sharing                                            ; Off                ; Off                ;
; Use LogicLock Constraints during Resource Balancing              ; On                 ; On                 ;
; Ignore translate_off and synthesis_off directives                ; Off                ; Off                ;
; Report Parameter Settings                                        ; On                 ; On                 ;
; Report Source Assignments                                        ; On                 ; On                 ;
; Report Connectivity Checks                                       ; On                 ; On                 ;
; Ignore Maximum Fan-Out Assignments                               ; Off                ; Off                ;
; Synchronization Register Chain Length                            ; 2                  ; 2                  ;
; Power Optimization During Synthesis                              ; Normal compilation ; Normal compilation ;
; HDL message level                                                ; Level2             ; Level2             ;
; Suppress Register Optimization Related Messages                  ; Off                ; Off                ;
; Number of Removed Registers Reported in Synthesis Report         ; 5000               ; 5000               ;
; Number of Swept Nodes Reported in Synthesis Report               ; 5000               ; 5000               ;
; Number of Inverted Registers Reported in Synthesis Report        ; 100                ; 100                ;
; Clock MUX Protection                                             ; On                 ; On                 ;
; Block Design Naming                                              ; Auto               ; Auto               ;
; Synthesis Effort                                                 ; Auto               ; Auto               ;
; Shift Register Replacement - Allow Asynchronous Clear Signal     ; On                 ; On                 ;
; Analysis & Synthesis Message Level                               ; Medium             ; Medium             ;
; Disable Register Merging Across Hierarchies                      ; Auto               ; Auto               ;
+------------------------------------------------------------------+--------------------+--------------------+


+------------------------------------------+
; Parallel Compilation                     ;
+----------------------------+-------------+
; Processors                 ; Number      ;
+----------------------------+-------------+
; Number detected on machine ; 20          ;
; Maximum allowed            ; 14          ;
;                            ;             ;
; Average used               ; 1.00        ;
; Maximum used               ; 1           ;
;                            ;             ;
; Usage by Processor         ; % Time Used ;
;     Processor 1            ; 100.0%      ;
+----------------------------+-------------+


+-------------------------------------------------------------------------------------------------------------------------------+
; Analysis & Synthesis Source Files Read                                                                                        ;
+----------------------------------+-----------------+-----------------+----------------------------------------------+---------+
; File Name with User-Entered Path ; Used in Netlist ; File Type       ; File Name with Absolute Path                 ; Library ;
+----------------------------------+-----------------+-----------------+----------------------------------------------+---------+
; DTrigger.vhd                     ; yes             ; User VHDL File  ; D:/GitHub/VHDL2023/VHDL/Counter/DTrigger.vhd ;         ;
; Counter.vhd                      ; yes             ; User VHDL File  ; D:/GitHub/VHDL2023/VHDL/Counter/Counter.vhd  ;         ;
; Cnt10.vhd                        ; yes             ; User VHDL File  ; D:/GitHub/VHDL2023/VHDL/Counter/Cnt10.vhd    ;         ;
; Cnt6.vhd                         ; yes             ; User VHDL File  ; D:/GitHub/VHDL2023/VHDL/Counter/Cnt6.vhd     ;         ;
; Cnt60.vhd                        ; yes             ; User VHDL File  ; D:/GitHub/VHDL2023/VHDL/Counter/Cnt60.vhd    ;         ;
; Digit.vhd                        ; yes             ; User VHDL File  ; D:/GitHub/VHDL2023/VHDL/Counter/Digit.vhd    ;         ;
+----------------------------------+-----------------+-----------------+----------------------------------------------+---------+


+------------------------------------------------------------------------------------------+
; Analysis & Synthesis Resource Usage Summary                                              ;
+---------------------------------------------+--------------------------------------------+
; Resource                                    ; Usage                                      ;
+---------------------------------------------+--------------------------------------------+
; Total logic elements                        ; 22                                         ;
;     -- Combinational with no register       ; 14                                         ;
;     -- Register only                        ; 0                                          ;
;     -- Combinational with a register        ; 8                                          ;
;                                             ;                                            ;
; Logic element usage by number of LUT inputs ;                                            ;
;     -- 4 input functions                    ; 10                                         ;
;     -- 3 input functions                    ; 10                                         ;
;     -- 2 input functions                    ; 0                                          ;
;     -- 1 input functions                    ; 2                                          ;
;     -- 0 input functions                    ; 0                                          ;
;                                             ;                                            ;
; Logic elements by mode                      ;                                            ;
;     -- normal mode                          ; 22                                         ;
;     -- arithmetic mode                      ; 0                                          ;
;     -- qfbk mode                            ; 0                                          ;
;     -- register cascade mode                ; 0                                          ;
;     -- synchronous clear/load mode          ; 0                                          ;
;     -- asynchronous clear/load mode         ; 8                                          ;
;                                             ;                                            ;
; Total registers                             ; 8                                          ;
; I/O pins                                    ; 16                                         ;
; Maximum fan-out node                        ; Cnt60:cnt|Cnt10:CL|DTrigger:\labe10:0:Di|Q ;
; Maximum fan-out                             ; 12                                         ;
; Total fan-out                               ; 104                                        ;
; Average fan-out                             ; 2.74                                       ;
+---------------------------------------------+--------------------------------------------+


+------------------------------------------------------------------------------------------------------------------------------------------------------------------------------------------------------------------------------------------------------------------------+
; Analysis & Synthesis Resource Utilization by Entity                                                                                                                                                                                                                    ;
+----------------------------------+-------------+--------------+------------+------+--------------+--------------+-------------------+------------------+-----------------+------------+---------------------------------------------------+-------------+--------------+
; Compilation Hierarchy Node       ; Logic Cells ; LC Registers ; UFM Blocks ; Pins ; Virtual Pins ; LUT-Only LCs ; Register-Only LCs ; LUT/Register LCs ; Carry Chain LCs ; Packed LCs ; Full Hierarchy Name                               ; Entity Name ; Library Name ;
+----------------------------------+-------------+--------------+------------+------+--------------+--------------+-------------------+------------------+-----------------+------------+---------------------------------------------------+-------------+--------------+
; |Counter                         ; 22 (0)      ; 8            ; 0          ; 16   ; 0            ; 14 (0)       ; 0 (0)             ; 8 (0)            ; 0 (0)           ; 0 (0)      ; |Counter                                          ; Counter     ; work         ;
;    |Cnt60:cnt|                   ; 8 (0)       ; 8            ; 0          ; 0    ; 0            ; 0 (0)        ; 0 (0)             ; 8 (0)            ; 0 (0)           ; 0 (0)      ; |Counter|Cnt60:cnt                                ; Cnt60       ; work         ;
;       |Cnt10:CL|                 ; 4 (0)       ; 4            ; 0          ; 0    ; 0            ; 0 (0)        ; 0 (0)             ; 4 (0)            ; 0 (0)           ; 0 (0)      ; |Counter|Cnt60:cnt|Cnt10:CL                       ; Cnt10       ; work         ;
;          |DTrigger:\labe10:0:Di| ; 1 (1)       ; 1            ; 0          ; 0    ; 0            ; 0 (0)        ; 0 (0)             ; 1 (1)            ; 0 (0)           ; 0 (0)      ; |Counter|Cnt60:cnt|Cnt10:CL|DTrigger:\labe10:0:Di ; DTrigger    ; work         ;
;          |DTrigger:\labe10:1:Di| ; 1 (1)       ; 1            ; 0          ; 0    ; 0            ; 0 (0)        ; 0 (0)             ; 1 (1)            ; 0 (0)           ; 0 (0)      ; |Counter|Cnt60:cnt|Cnt10:CL|DTrigger:\labe10:1:Di ; DTrigger    ; work         ;
;          |DTrigger:\labe10:2:Di| ; 1 (1)       ; 1            ; 0          ; 0    ; 0            ; 0 (0)        ; 0 (0)             ; 1 (1)            ; 0 (0)           ; 0 (0)      ; |Counter|Cnt60:cnt|Cnt10:CL|DTrigger:\labe10:2:Di ; DTrigger    ; work         ;
;          |DTrigger:\labe10:3:Di| ; 1 (1)       ; 1            ; 0          ; 0    ; 0            ; 0 (0)        ; 0 (0)             ; 1 (1)            ; 0 (0)           ; 0 (0)      ; |Counter|Cnt60:cnt|Cnt10:CL|DTrigger:\labe10:3:Di ; DTrigger    ; work         ;
;       |Cnt6:CH|                  ; 3 (0)       ; 3            ; 0          ; 0    ; 0            ; 0 (0)        ; 0 (0)             ; 3 (0)            ; 0 (0)           ; 0 (0)      ; |Counter|Cnt60:cnt|Cnt6:CH                        ; Cnt6        ; work         ;
;          |DTrigger:\labe10:0:Di| ; 1 (1)       ; 1            ; 0          ; 0    ; 0            ; 0 (0)        ; 0 (0)             ; 1 (1)            ; 0 (0)           ; 0 (0)      ; |Counter|Cnt60:cnt|Cnt6:CH|DTrigger:\labe10:0:Di  ; DTrigger    ; work         ;
;          |DTrigger:\labe10:1:Di| ; 1 (1)       ; 1            ; 0          ; 0    ; 0            ; 0 (0)        ; 0 (0)             ; 1 (1)            ; 0 (0)           ; 0 (0)      ; |Counter|Cnt60:cnt|Cnt6:CH|DTrigger:\labe10:1:Di  ; DTrigger    ; work         ;
;          |DTrigger:\labe10:2:Di| ; 1 (1)       ; 1            ; 0          ; 0    ; 0            ; 0 (0)        ; 0 (0)             ; 1 (1)            ; 0 (0)           ; 0 (0)      ; |Counter|Cnt60:cnt|Cnt6:CH|DTrigger:\labe10:2:Di  ; DTrigger    ; work         ;
;       |DTrigger:Dv|              ; 1 (1)       ; 1            ; 0          ; 0    ; 0            ; 0 (0)        ; 0 (0)             ; 1 (1)            ; 0 (0)           ; 0 (0)      ; |Counter|Cnt60:cnt|DTrigger:Dv                    ; DTrigger    ; work         ;
;    |Digit:digH|                  ; 7 (7)       ; 0            ; 0          ; 0    ; 0            ; 7 (7)        ; 0 (0)             ; 0 (0)            ; 0 (0)           ; 0 (0)      ; |Counter|Digit:digH                               ; Digit       ; work         ;
;    |Digit:digL|                  ; 7 (7)       ; 0            ; 0          ; 0    ; 0            ; 7 (7)        ; 0 (0)             ; 0 (0)            ; 0 (0)           ; 0 (0)      ; |Counter|Digit:digL                               ; Digit       ; work         ;
+----------------------------------+-------------+--------------+------------+------+--------------+--------------+-------------------+------------------+-----------------+------------+---------------------------------------------------+-------------+--------------+
Note: For table entries with two numbers listed, the numbers in parentheses indicate the number of resources of the given type used by the specific entity alone. The numbers listed outside of parentheses indicate the total resources of the given type used by the specific entity and all of its sub-entities in the hierarchy.


+------------------------------------------------------------------------------------------------------+
; Registers Removed During Synthesis                                                                   ;
+---------------------------------------------+--------------------------------------------------------+
; Register name                               ; Reason for Removal                                     ;
+---------------------------------------------+--------------------------------------------------------+
; Cnt60:cnt|Cnt6:CH|DTrigger:\labe10:2:Di|nQ  ; Merged with Cnt60:cnt|Cnt6:CH|DTrigger:\labe10:2:Di|Q  ;
; Cnt60:cnt|Cnt6:CH|DTrigger:\labe10:0:Di|nQ  ; Merged with Cnt60:cnt|Cnt6:CH|DTrigger:\labe10:0:Di|Q  ;
; Cnt60:cnt|Cnt10:CL|DTrigger:\labe10:3:Di|nQ ; Merged with Cnt60:cnt|Cnt10:CL|DTrigger:\labe10:3:Di|Q ;
; Cnt60:cnt|Cnt10:CL|DTrigger:\labe10:2:Di|nQ ; Merged with Cnt60:cnt|Cnt10:CL|DTrigger:\labe10:2:Di|Q ;
; Cnt60:cnt|Cnt10:CL|DTrigger:\labe10:1:Di|nQ ; Merged with Cnt60:cnt|Cnt10:CL|DTrigger:\labe10:1:Di|Q ;
; Cnt60:cnt|Cnt10:CL|DTrigger:\labe10:0:Di|nQ ; Merged with Cnt60:cnt|Cnt10:CL|DTrigger:\labe10:0:Di|Q ;
; Total Number of Removed Registers = 6       ;                                                        ;
+---------------------------------------------+--------------------------------------------------------+


+------------------------------------------------------+
; General Register Statistics                          ;
+----------------------------------------------+-------+
; Statistic                                    ; Value ;
+----------------------------------------------+-------+
; Total registers                              ; 8     ;
; Number of registers using Synchronous Clear  ; 0     ;
; Number of registers using Synchronous Load   ; 0     ;
; Number of registers using Asynchronous Clear ; 8     ;
; Number of registers using Asynchronous Load  ; 0     ;
; Number of registers using Clock Enable       ; 2     ;
; Number of registers using Preset             ; 0     ;
+----------------------------------------------+-------+


+----------------------------------------------------------------------------------------------------------------+
; Port Connectivity Checks: "Cnt60:cnt|DTrigger:Dv"                                                              ;
+------+--------+----------+-------------------------------------------------------------------------------------+
; Port ; Type   ; Severity ; Details                                                                             ;
+------+--------+----------+-------------------------------------------------------------------------------------+
; sd   ; Input  ; Info     ; Stuck at VCC                                                                        ;
; nq   ; Output ; Info     ; Connected to dangling logic. Logic that only feeds a dangling port will be removed. ;
+------+--------+----------+-------------------------------------------------------------------------------------+


+---------------------------------------------------------------------+
; Port Connectivity Checks: "Cnt60:cnt|Cnt6:CH|DTrigger:\labe10:2:Di" ;
+------+-------+----------+-------------------------------------------+
; Port ; Type  ; Severity ; Details                                   ;
+------+-------+----------+-------------------------------------------+
; sd   ; Input ; Info     ; Stuck at VCC                              ;
+------+-------+----------+-------------------------------------------+


+----------------------------------------------------------------------------------------------------------------+
; Port Connectivity Checks: "Cnt60:cnt|Cnt6:CH|DTrigger:\labe10:1:Di"                                            ;
+------+--------+----------+-------------------------------------------------------------------------------------+
; Port ; Type   ; Severity ; Details                                                                             ;
+------+--------+----------+-------------------------------------------------------------------------------------+
; sd   ; Input  ; Info     ; Stuck at VCC                                                                        ;
; nq   ; Output ; Info     ; Connected to dangling logic. Logic that only feeds a dangling port will be removed. ;
+------+--------+----------+-------------------------------------------------------------------------------------+


+---------------------------------------------------------------------+
; Port Connectivity Checks: "Cnt60:cnt|Cnt6:CH|DTrigger:\labe10:0:Di" ;
+------+-------+----------+-------------------------------------------+
; Port ; Type  ; Severity ; Details                                   ;
+------+-------+----------+-------------------------------------------+
; sd   ; Input ; Info     ; Stuck at VCC                              ;
+------+-------+----------+-------------------------------------------+


+----------------------------------------------------------------------+
; Port Connectivity Checks: "Cnt60:cnt|Cnt10:CL|DTrigger:\labe10:3:Di" ;
+------+-------+----------+--------------------------------------------+
; Port ; Type  ; Severity ; Details                                    ;
+------+-------+----------+--------------------------------------------+
; sd   ; Input ; Info     ; Stuck at VCC                               ;
+------+-------+----------+--------------------------------------------+


+----------------------------------------------------------------------+
; Port Connectivity Checks: "Cnt60:cnt|Cnt10:CL|DTrigger:\labe10:2:Di" ;
+------+-------+----------+--------------------------------------------+
; Port ; Type  ; Severity ; Details                                    ;
+------+-------+----------+--------------------------------------------+
; sd   ; Input ; Info     ; Stuck at VCC                               ;
+------+-------+----------+--------------------------------------------+


+----------------------------------------------------------------------+
; Port Connectivity Checks: "Cnt60:cnt|Cnt10:CL|DTrigger:\labe10:1:Di" ;
+------+-------+----------+--------------------------------------------+
; Port ; Type  ; Severity ; Details                                    ;
+------+-------+----------+--------------------------------------------+
; sd   ; Input ; Info     ; Stuck at VCC                               ;
+------+-------+----------+--------------------------------------------+


+----------------------------------------------------------------------+
; Port Connectivity Checks: "Cnt60:cnt|Cnt10:CL|DTrigger:\labe10:0:Di" ;
+------+-------+----------+--------------------------------------------+
; Port ; Type  ; Severity ; Details                                    ;
+------+-------+----------+--------------------------------------------+
; sd   ; Input ; Info     ; Stuck at VCC                               ;
+------+-------+----------+--------------------------------------------+


+-------------------------------+
; Analysis & Synthesis Messages ;
+-------------------------------+
Info: *******************************************************************
Info: Running Quartus Prime Analysis & Synthesis
    Info: Version 19.1.0 Build 670 09/22/2019 SJ Lite Edition
    Info: Processing started: Thu Jun 08 16:56:23 2023
Info: Command: quartus_map --read_settings_files=on --write_settings_files=off Counter -c Counter
Warning (18236): Number of processors has not been specified which may cause overloading on shared machines.  Set the global assignment NUM_PARALLEL_PROCESSORS in your QSF to an appropriate value for best performance.
Info (20030): Parallel compilation is enabled and will use 14 of the 14 processors detected
Info (12021): Found 2 design units, including 1 entities, in source file dtrigger.vhd
    Info (12022): Found design unit 1: DTrigger-dataflow File: D:/GitHub/VHDL2023/VHDL/Counter/DTrigger.vhd Line: 14
    Info (12023): Found entity 1: DTrigger File: D:/GitHub/VHDL2023/VHDL/Counter/DTrigger.vhd Line: 6
Info (12021): Found 2 design units, including 1 entities, in source file counter.vhd
    Info (12022): Found design unit 1: Counter-Count File: D:/GitHub/VHDL2023/VHDL/Counter/Counter.vhd Line: 13
    Info (12023): Found entity 1: Counter File: D:/GitHub/VHDL2023/VHDL/Counter/Counter.vhd Line: 6
Info (12021): Found 2 design units, including 1 entities, in source file cnt10.vhd
    Info (12022): Found design unit 1: Cnt10-asy10 File: D:/GitHub/VHDL2023/VHDL/Counter/Cnt10.vhd Line: 13
    Info (12023): Found entity 1: Cnt10 File: D:/GitHub/VHDL2023/VHDL/Counter/Cnt10.vhd Line: 6
Info (12021): Found 2 design units, including 1 entities, in source file cnt6.vhd
    Info (12022): Found design unit 1: Cnt6-asy6 File: D:/GitHub/VHDL2023/VHDL/Counter/Cnt6.vhd Line: 13
    Info (12023): Found entity 1: Cnt6 File: D:/GitHub/VHDL2023/VHDL/Counter/Cnt6.vhd Line: 6
Info (12021): Found 2 design units, including 1 entities, in source file cnt60.vhd
    Info (12022): Found design unit 1: Cnt60-asy60 File: D:/GitHub/VHDL2023/VHDL/Counter/Cnt60.vhd Line: 13
    Info (12023): Found entity 1: Cnt60 File: D:/GitHub/VHDL2023/VHDL/Counter/Cnt60.vhd Line: 6
Info (12021): Found 2 design units, including 1 entities, in source file digit.vhd
    Info (12022): Found design unit 1: digit-d File: D:/GitHub/VHDL2023/VHDL/Counter/Digit.vhd Line: 13
    Info (12023): Found entity 1: Digit File: D:/GitHub/VHDL2023/VHDL/Counter/Digit.vhd Line: 6
Info (12021): Found 2 design units, including 1 entities, in source file stopwatch.vhd
    Info (12022): Found design unit 1: Stopwatch-watch File: D:/GitHub/VHDL2023/VHDL/Counter/Stopwatch.vhd Line: 13
    Info (12023): Found entity 1: Stopwatch File: D:/GitHub/VHDL2023/VHDL/Counter/Stopwatch.vhd Line: 6
Info (12127): Elaborating entity "Counter" for the top level hierarchy
Info (12128): Elaborating entity "Cnt60" for hierarchy "Cnt60:cnt" File: D:/GitHub/VHDL2023/VHDL/Counter/Counter.vhd Line: 28
Info (12128): Elaborating entity "Cnt10" for hierarchy "Cnt60:cnt|Cnt10:CL" File: D:/GitHub/VHDL2023/VHDL/Counter/Cnt60.vhd Line: 36
Info (12128): Elaborating entity "DTrigger" for hierarchy "Cnt60:cnt|Cnt10:CL|DTrigger:\labe10:0:Di" File: D:/GitHub/VHDL2023/VHDL/Counter/Cnt10.vhd Line: 25
Info (12128): Elaborating entity "Cnt6" for hierarchy "Cnt60:cnt|Cnt6:CH" File: D:/GitHub/VHDL2023/VHDL/Counter/Cnt60.vhd Line: 37
Info (12128): Elaborating entity "Digit" for hierarchy "Digit:digL" File: D:/GitHub/VHDL2023/VHDL/Counter/Counter.vhd Line: 29
Info (21057): Implemented 38 device resources after synthesis - the final resource count might be different
    Info (21058): Implemented 2 input pins
    Info (21059): Implemented 14 output pins
    Info (21061): Implemented 22 logic cells
Info: Quartus Prime Analysis & Synthesis was successful. 0 errors, 1 warning
    Info: Peak virtual memory: 4764 megabytes
    Info: Processing ended: Thu Jun 08 16:56:30 2023
    Info: Elapsed time: 00:00:07
    Info: Total CPU time (on all processors): 00:00:06


